
> @figma/my-make-file@0.0.1 typecheck
> tsc -b --force

src/app/admin/analytics.tsx(1,8): error TS6133: 'React' is declared but its value is never read.
src/app/admin/analytics.tsx(3,10): error TS6133: 'ArrowLeft' is declared but its value is never read.
src/app/admin/analytics.tsx(3,21): error TS6133: 'BarChart3' is declared but its value is never read.
src/app/admin/analytics.tsx(3,44): error TS6133: 'Download' is declared but its value is never read.
src/app/admin/analytics.tsx(278,38): error TS6133: 'd' is declared but its value is never read.
src/app/admin/approvals.tsx(1,8): error TS6133: 'React' is declared but its value is never read.
src/app/admin/dashboard.tsx(1,8): error TS6133: 'React' is declared but its value is never read.
src/app/admin/dashboard.tsx(2,18): error TS6133: 'AnimatePresence' is declared but its value is never read.
src/app/admin/dashboard.tsx(3,35): error TS6133: 'ArrowRight' is declared but its value is never read.
src/app/admin/login.tsx(4,10): error TS6133: 'toast' is declared but its value is never read.
src/app/admin/login.tsx(476,3): error TS6133: 'onGuestLogin' is declared but its value is never read.
src/app/admin/roleRequests.tsx(1,8): error TS6133: 'React' is declared but its value is never read.
src/app/admin/shell.tsx(1,27): error TS6133: 'useEffect' is declared but its value is never read.
src/app/admin/shell.tsx(6,28): error TS6133: 'X' is declared but its value is never read.
src/app/admin/shell.tsx(8,10): error TS6133: 'toast' is declared but its value is never read.
src/app/admin/shell.tsx(9,21): error TS6133: 'Screen' is declared but its value is never read.
src/app/admin/templates.tsx(12,55): error TS6133: 'InlineSeal' is declared but its value is never read.
src/app/admin/templates.tsx(560,9): error TS6133: 'activeField' is declared but its value is never read.
src/app/admin/users.tsx(3,107): error TS6133: 'Filter' is declared but its value is never read.
src/app/organizer.tsx(8,26): error TS6133: 'Search' is declared but its value is never read.
src/app/organizer.tsx(9,13): error TS6133: 'Share2' is declared but its value is never read.
src/app/organizer.tsx(12,3): error TS6133: 'FileText' is declared but its value is never read.
src/app/organizer.tsx(12,27): error TS6133: 'AlertTriangle' is declared but its value is never read.
src/app/organizer.tsx(12,42): error TS6133: 'Settings' is declared but its value is never read.
src/app/organizer.tsx(12,63): error TS6133: 'ExternalLink' is declared but its value is never read.
src/app/organizer.tsx(13,3): error TS6133: 'XCircle' is declared but its value is never read.
src/app/organizer.tsx(13,12): error TS6133: 'Clock' is declared but its value is never read.
src/app/organizer.tsx(13,19): error TS6133: 'MoreHorizontal' is declared but its value is never read.
src/app/organizer.tsx(13,35): error TS6133: 'Filter' is declared but its value is never read.
src/app/organizer.tsx(14,3): error TS6133: 'LayoutTemplate' is declared but its value is never read.
src/app/organizer.tsx(14,19): error TS6133: 'Star' is declared but its value is never read.
src/app/organizer.tsx(14,41): error TS6133: 'Trash2' is declared but its value is never read.
src/app/organizer.tsx(14,49): error TS6133: 'GripVertical' is declared but its value is never read.
src/app/organizer.tsx(32,8): error TS6133: 'EventStatus' is declared but its value is never read.
src/app/organizer.tsx(2232,25): error TS6133: 'hovered' is declared but its value is never read.
src/app/organizer.tsx(2287,37): error TS6133: 'd' is declared but its value is never read.
src/app/organizer.tsx(3243,9): error TS6133: 'defaultId' is declared but its value is never read.
src/app/organizer.tsx(3360,9): error TS6133: 'evTimeRange' is declared but its value is never read.
src/app/pricing.tsx(66,9): error TS6133: 'navigate' is declared but its value is never read.
src/app/profile.tsx(6,30): error TS6133: 'Screen' is declared but its value is never read.
src/app/shared.tsx(4,18): error TS6133: 'BarChart3' is declared but its value is never read.
src/app/shared.tsx(6,21): error TS6133: 'GraduationCap' is declared but its value is never read.
src/app/shared.tsx(7,18): error TS6133: 'Settings2' is declared but its value is never read.
src/app/shared.tsx(7,29): error TS6133: 'ChevronRight' is declared but its value is never read.
src/app/shared.tsx(8,53): error TS6133: 'Search' is declared but its value is never read.
src/app/shared.tsx(9,3): error TS6133: 'Download' is declared but its value is never read.
src/app/shared.tsx(9,13): error TS6133: 'Share2' is declared but its value is never read.
src/app/shared.tsx(9,21): error TS6133: 'X' is declared but its value is never read.
src/app/shared.tsx(9,24): error TS6133: 'Users' is declared but its value is never read.
src/app/shared.tsx(9,37): error TS6133: 'Plus' is declared but its value is never read.
src/app/shared.tsx(10,3): error TS6133: 'Upload' is declared but its value is never read.
src/app/shared.tsx(10,11): error TS6133: 'Pencil' is declared but its value is never read.
src/app/shared.tsx(10,19): error TS6133: 'Copy' is declared but its value is never read.
src/app/shared.tsx(10,25): error TS6133: 'TrendingUp' is declared but its value is never read.
src/app/shared.tsx(10,37): error TS6133: 'ChevronDown' is declared but its value is never read.
src/app/shared.tsx(11,3): error TS6133: 'UserCheck' is declared but its value is never read.
src/app/shared.tsx(11,14): error TS6133: 'FileText' is declared but its value is never read.
src/app/shared.tsx(11,24): error TS6133: 'CheckCircle2' is declared but its value is never read.
src/app/shared.tsx(11,53): error TS6133: 'Settings' is declared but its value is never read.
src/app/shared.tsx(11,74): error TS6133: 'ExternalLink' is declared but its value is never read.
src/app/shared.tsx(12,3): error TS6133: 'XCircle' is declared but its value is never read.
src/app/shared.tsx(12,12): error TS6133: 'Clock' is declared but its value is never read.
src/app/shared.tsx(12,19): error TS6133: 'ChevronLeft' is declared but its value is never read.
src/app/shared.tsx(12,32): error TS6133: 'MessageSquare' is declared but its value is never read.
src/app/shared.tsx(13,3): error TS6133: 'MoreHorizontal' is declared but its value is never read.
src/app/shared.tsx(13,19): error TS6133: 'UserPlus' is declared but its value is never read.
src/app/shared.tsx(13,29): error TS6133: 'Ban' is declared but its value is never read.
src/app/shared.tsx(13,34): error TS6133: 'ShieldCheck' is declared but its value is never read.
src/app/shared.tsx(13,53): error TS6133: 'Filter' is declared but its value is never read.
src/app/shared.tsx(14,3): error TS6133: 'LayoutTemplate' is declared but its value is never read.
src/app/shared.tsx(14,19): error TS6133: 'Star' is declared but its value is never read.
src/app/shared.tsx(14,32): error TS6133: 'EyeIcon' is declared but its value is never read.
src/app/shared.tsx(14,41): error TS6133: 'Trash2' is declared but its value is never read.
src/app/shared.tsx(14,49): error TS6133: 'GripVertical' is declared but its value is never read.
src/app/shared.tsx(14,63): error TS6133: 'Move' is declared but its value is never read.
src/app/shared.tsx(16,1): error TS6192: All imports in import declaration are unused.
src/app/shared.tsx(20,1): error TS6192: All imports in import declaration are unused.
src/app/student.tsx(13,12): error TS6133: 'Filter' is declared but its value is never read.
src/app/student.tsx(1968,3): error TS6133: 'eventId' is declared but its value is never read.
